../Core/Src/custom_bus.c:91:9:BSP_I2C3_Init	16	static
../Core/Src/custom_bus.c:139:9:BSP_I2C3_DeInit	16	static
../Core/Src/custom_bus.c:167:9:BSP_I2C3_IsReady	24	static
../Core/Src/custom_bus.c:188:9:BSP_I2C3_WriteReg	48	static
../Core/Src/custom_bus.c:214:10:BSP_I2C3_ReadReg	48	static
../Core/Src/custom_bus.c:242:9:BSP_I2C3_WriteReg16	48	static
../Core/Src/custom_bus.c:267:10:BSP_I2C3_ReadReg16	48	static
../Core/Src/custom_bus.c:292:9:BSP_I2C3_Send	32	static
../Core/Src/custom_bus.c:317:9:BSP_I2C3_Recv	32	static
../Core/Src/custom_bus.c:392:9:BSP_GetTick	8	static
../Core/Src/custom_bus.c:398:26:MX_I2C3_Init	24	static
../Core/Src/custom_bus.c:429:13:I2C3_MspInit	128	static
../Core/Src/custom_bus.c:469:13:I2C3_MspDeInit	16	static
