../Drivers/CMSIS/Include/core_cm4.h:2059:26:ITM_SendChar	4
../Drivers/STM32G4xx_HAL_Driver/Inc/stm32g4xx_ll_bus.h:451:22:LL_AHB2_GRP1_EnableClock	1
../Drivers/STM32G4xx_HAL_Driver/Inc/stm32g4xx_ll_bus.h:935:22:LL_APB1_GRP2_EnableClock	1
../Core/Src/main.c:70:5:main	1
../Core/Src/main.c:121:6:SystemClock_Config	3
../Core/Src/main.c:162:13:MX_ADC1_Init	4
../Core/Src/main.c:230:13:MX_I2C3_Init	4
../Core/Src/main.c:278:13:MX_UCPD1_Init	1
../Core/Src/main.c:319:13:MX_GPIO_Init	1
../Core/Src/main.c:370:5:__io_putchar	1
../Core/Src/main.c:382:6:Error_Handler	1
