../Drivers/STM32G4xx_HAL_Driver/Inc/stm32g4xx_ll_adc.h:6815:22:LL_ADC_REG_StartConversion	16	static
../Drivers/STM32G4xx_HAL_Driver/Inc/stm32g4xx_ll_adc.h:6933:26:LL_ADC_REG_ReadConversionData12	16	static
../TCPP/Target/custom_board_usbpd_pwr.c:206:9:BSP_USBPD_PWR_Init	24	static
../TCPP/Target/custom_board_usbpd_pwr.c:277:9:BSP_USBPD_PWR_Deinit	24	static
../TCPP/Target/custom_board_usbpd_pwr.c:326:9:BSP_USBPD_PWR_SetRole	32	static
../TCPP/Target/custom_board_usbpd_pwr.c:391:9:BSP_USBPD_PWR_SetPowerMode	32	static
../TCPP/Target/custom_board_usbpd_pwr.c:512:9:BSP_USBPD_PWR_GetPowerMode	24	static
../TCPP/Target/custom_board_usbpd_pwr.c:542:9:BSP_USBPD_PWR_VBUSInit	24	static
../TCPP/Target/custom_board_usbpd_pwr.c:591:9:BSP_USBPD_PWR_VBUSDeInit	32	static
../TCPP/Target/custom_board_usbpd_pwr.c:652:9:BSP_USBPD_PWR_VBUSOn	32	static
../TCPP/Target/custom_board_usbpd_pwr.c:716:9:BSP_USBPD_PWR_VBUSOff	40	static
../TCPP/Target/custom_board_usbpd_pwr.c:787:9:BSP_USBPD_PWR_VBUSIsOn	32	static
../TCPP/Target/custom_board_usbpd_pwr.c:833:9:BSP_USBPD_PWR_VBUSSetVoltage_Fixed	32	static
../TCPP/Target/custom_board_usbpd_pwr.c:866:9:BSP_USBPD_PWR_VBUSSetVoltage_Variable	32	static
../TCPP/Target/custom_board_usbpd_pwr.c:905:9:BSP_USBPD_PWR_VBUSSetVoltage_Battery	32	static
../TCPP/Target/custom_board_usbpd_pwr.c:947:9:BSP_USBPD_PWR_VBUSSetVoltage_APDO	32	static
../TCPP/Target/custom_board_usbpd_pwr.c:983:9:BSP_USBPD_PWR_SetVBUSDisconnectionThreshold	24	static
../TCPP/Target/custom_board_usbpd_pwr.c:1016:9:BSP_USBPD_PWR_RegisterVBUSDetectCallback	24	static
../TCPP/Target/custom_board_usbpd_pwr.c:1045:9:BSP_USBPD_PWR_VBUSGetVoltage	24	static
../TCPP/Target/custom_board_usbpd_pwr.c:1081:9:BSP_USBPD_PWR_VBUSGetCurrent	24	static
../TCPP/Target/custom_board_usbpd_pwr.c:1116:9:BSP_USBPD_PWR_VBUSDischargeOn	32	static
../TCPP/Target/custom_board_usbpd_pwr.c:1156:9:BSP_USBPD_PWR_VBUSDischargeOff	32	static
../TCPP/Target/custom_board_usbpd_pwr.c:1192:9:BSP_USBPD_PWR_VCONNInit	32	static
../TCPP/Target/custom_board_usbpd_pwr.c:1241:9:BSP_USBPD_PWR_VCONNDeInit	32	static
../TCPP/Target/custom_board_usbpd_pwr.c:1292:9:BSP_USBPD_PWR_VCONNOn	32	static
../TCPP/Target/custom_board_usbpd_pwr.c:1341:9:BSP_USBPD_PWR_VCONNOff	32	static
../TCPP/Target/custom_board_usbpd_pwr.c:1398:9:BSP_USBPD_PWR_VCONNIsOn	40	static
../TCPP/Target/custom_board_usbpd_pwr.c:1445:9:BSP_USBPD_PWR_VCONNDischargeOn	32	static
../TCPP/Target/custom_board_usbpd_pwr.c:1485:9:BSP_USBPD_PWR_VCONNDischargeOff	32	static
../TCPP/Target/custom_board_usbpd_pwr.c:1517:6:BSP_USBPD_PWR_EventCallback	16	static
../TCPP/Target/custom_board_usbpd_pwr.c:1562:13:PWR_TCPP0203_Activate_ADC	8	static
../TCPP/Target/custom_board_usbpd_pwr.c:1576:16:PWR_TCPP0203_BUSConfigInit	56	static
../TCPP/Target/custom_board_usbpd_pwr.c:1652:16:PWR_TCPP0203_ConfigDeInit	16	static
../TCPP/Target/custom_board_usbpd_pwr.c:1663:13:PWR_TCPP0203_EventCallback	32	static
../TCPP/Target/custom_board_usbpd_pwr.c:1812:17:PWR_TCPP0203_ConvertADCDataToVoltage	32	static
