../Drivers/CMSIS/Include/core_cm4.h:1933:34:__NVIC_SystemReset	4	static,ignoring_inline_asm
../USBPD/Target/usbpd_dpm_user.c:156:21:USBPD_DPM_UserInit	8	static
../USBPD/Target/usbpd_dpm_user.c:174:6:USBPD_DPM_WaitForTime	16	static
../USBPD/Target/usbpd_dpm_user.c:185:6:USBPD_DPM_UserExecute	16	static
../USBPD/Target/usbpd_dpm_user.c:201:6:USBPD_DPM_UserCableDetection	16	static
../USBPD/Target/usbpd_dpm_user.c:263:6:USBPD_DPM_UserTimerCounter	16	static
../USBPD/Target/usbpd_dpm_user.c:284:6:USBPD_DPM_Notification	16	static
../USBPD/Target/usbpd_dpm_user.c:336:6:USBPD_DPM_HardReset	16	static
../USBPD/Target/usbpd_dpm_user.c:367:21:USBPD_DPM_SetupNewPower	16	static
../USBPD/Target/usbpd_dpm_user.c:382:6:USBPD_DPM_GetDataInfo	32	static
../USBPD/Target/usbpd_dpm_user.c:427:6:USBPD_DPM_SetDataInfo	40	static
../USBPD/Target/usbpd_dpm_user.c:489:21:USBPD_DPM_EvaluateRequest	32	static
../USBPD/Target/usbpd_dpm_user.c:533:21:USBPD_DPM_EvaluateVconnSwap	24	static
../USBPD/Target/usbpd_dpm_user.c:552:21:USBPD_DPM_PE_VconnPwr	16	static
../USBPD/Target/usbpd_dpm_user.c:570:6:USBPD_DPM_ExtendedMessageReceived	16	static
../USBPD/Target/usbpd_dpm_user.c:582:6:USBPD_DPM_EnterErrorRecovery	16	static
../USBPD/Target/usbpd_dpm_user.c:599:21:USBPD_DPM_EvaluateDataRoleSwap	24	static
../USBPD/Target/usbpd_dpm_user.c:629:23:USBPD_DPM_IsPowerReady	16	static
../USBPD/Target/usbpd_dpm_user.c:649:21:USBPD_DPM_RequestHardReset	24	static
../USBPD/Target/usbpd_dpm_user.c:663:21:USBPD_DPM_RequestCableReset	24	static
../USBPD/Target/usbpd_dpm_user.c:675:21:USBPD_DPM_RequestGotoMin	24	static
../USBPD/Target/usbpd_dpm_user.c:689:21:USBPD_DPM_RequestPing	24	static
../USBPD/Target/usbpd_dpm_user.c:703:21:USBPD_DPM_RequestMessageRequest	24	static
../USBPD/Target/usbpd_dpm_user.c:720:21:USBPD_DPM_RequestGetSourceCapability	24	static
../USBPD/Target/usbpd_dpm_user.c:732:21:USBPD_DPM_RequestGetSinkCapability	24	static
../USBPD/Target/usbpd_dpm_user.c:744:21:USBPD_DPM_RequestDataRoleSwap	24	static
../USBPD/Target/usbpd_dpm_user.c:756:21:USBPD_DPM_RequestPowerRoleSwap	16	static
../USBPD/Target/usbpd_dpm_user.c:767:21:USBPD_DPM_RequestVconnSwap	24	static
../USBPD/Target/usbpd_dpm_user.c:780:21:USBPD_DPM_RequestSoftReset	24	static
../USBPD/Target/usbpd_dpm_user.c:792:21:USBPD_DPM_RequestSourceCapability	24	static
../USBPD/Target/usbpd_dpm_user.c:806:21:USBPD_DPM_RequestVDM_DiscoveryIdentify	24	static
../USBPD/Target/usbpd_dpm_user.c:825:21:USBPD_DPM_RequestVDM_DiscoverySVID	24	static
../USBPD/Target/usbpd_dpm_user.c:839:21:USBPD_DPM_RequestVDM_DiscoveryMode	24	static
../USBPD/Target/usbpd_dpm_user.c:854:21:USBPD_DPM_RequestVDM_EnterMode	32	static
../USBPD/Target/usbpd_dpm_user.c:869:21:USBPD_DPM_RequestVDM_ExitMode	32	static
../USBPD/Target/usbpd_dpm_user.c:884:21:USBPD_DPM_RequestDisplayPortStatus	24	static
../USBPD/Target/usbpd_dpm_user.c:902:21:USBPD_DPM_RequestDisplayPortConfig	24	static
../USBPD/Target/usbpd_dpm_user.c:920:21:USBPD_DPM_RequestAttention	24	static
../USBPD/Target/usbpd_dpm_user.c:933:21:USBPD_DPM_RequestAlert	24	static
../USBPD/Target/usbpd_dpm_user.c:945:21:USBPD_DPM_RequestGetSourceCapabilityExt	24	static
../USBPD/Target/usbpd_dpm_user.c:957:21:USBPD_DPM_RequestGetSinkCapabilityExt	16	static
../USBPD/Target/usbpd_dpm_user.c:970:21:USBPD_DPM_RequestGetManufacturerInfo	32	static
../USBPD/Target/usbpd_dpm_user.c:986:21:USBPD_DPM_RequestGetPPS_Status	24	static
../USBPD/Target/usbpd_dpm_user.c:998:21:USBPD_DPM_RequestGetStatus	24	static
../USBPD/Target/usbpd_dpm_user.c:1010:21:USBPD_DPM_RequestFastRoleSwap	24	static
../USBPD/Target/usbpd_dpm_user.c:1022:21:USBPD_DPM_RequestGetCountryCodes	24	static
../USBPD/Target/usbpd_dpm_user.c:1035:21:USBPD_DPM_RequestGetCountryInfo	24	static
../USBPD/Target/usbpd_dpm_user.c:1048:21:USBPD_DPM_RequestGetBatteryCapability	32	static
../USBPD/Target/usbpd_dpm_user.c:1061:21:USBPD_DPM_RequestGetBatteryStatus	32	static
../USBPD/Target/usbpd_dpm_user.c:1073:21:USBPD_DPM_RequestSecurityRequest	24	static
../USBPD/Target/usbpd_dpm_user.c:1095:28:DPM_TurnOffPower	24	static
../USBPD/Target/usbpd_dpm_user.c:1108:28:DPM_TurnOnPower	24	static
